../Core/Src/stm32f1xx_hal_msp.c:63:6:HAL_MspInit	8	static
../Core/Src/stm32f1xx_hal_msp.c:90:6:HAL_CAN_MspInit	32	static
../Core/Src/stm32f1xx_hal_msp.c:133:6:HAL_CAN_MspDeInit	8	static
../Core/Src/stm32f1xx_hal_msp.c:164:6:HAL_I2C_MspInit	32	static
../Core/Src/stm32f1xx_hal_msp.c:199:6:HAL_I2C_MspDeInit	8	static
../Core/Src/stm32f1xx_hal_msp.c:230:6:HAL_SPI_MspInit	32	static
../Core/Src/stm32f1xx_hal_msp.c:271:6:HAL_SPI_MspDeInit	0	static
../Core/Src/stm32f1xx_hal_msp.c:301:6:HAL_UART_MspInit	32	static
../Core/Src/stm32f1xx_hal_msp.c:341:6:HAL_UART_MspDeInit	0	static
