../Core/Src/bno055.c:35:26:_bno055_write_register	32	static
../Core/Src/bno055.c:49:26:_bno055_read_register	40	static
../Core/Src/bno055.c:56:6:bno055_set_page	16	static
../Core/Src/bno055.c:58:6:bno055_reset	8	static
../Core/Src/bno055.c:64:6:bno055_use_external_crystal	24	static
../Core/Src/bno055.c:72:17:bno055_get_operation_mode	16	static
../Core/Src/bno055.c:78:6:bno055_set_operation_mode	16	static
../Core/Src/bno055.c:87:6:bno055_set_operation_mode_config	8	static
../Core/Src/bno055.c:91:6:bno055_set_operation_mode_ndof	8	static
../Core/Src/bno055.c:97:6:bno055_set_axis_remap	16	static
../Core/Src/bno055.c:103:6:bno055_set_axis_sign	16	static
../Core/Src/bno055.c:110:6:bno055_init	24	static
../Core/Src/bno055.c:134:6:bno055_get_calibration_state	24	static
../Core/Src/bno055.c:157:6:bno055_get_calibration_data	40	static
../Core/Src/bno055.c:193:6:bno055_set_calibration_data	48	static
../Core/Src/bno055.c:212:6:bno055_save_calibration_data_sd	216	static
../Core/Src/bno055.c:229:6:bno055_load_calibration_data_sd	4384	static
../Core/Src/bno055.c:275:6:bno055_display_calibration_data	32	static
../Core/Src/bno055.c:295:6:bno055_calibration_routine	56	static
../Core/Src/bno055.c:314:6:bno055_get_vector	32	static
../Core/Src/bno055.c:350:6:bno055_get_vector_accelerometer	16	static
../Core/Src/bno055.c:353:6:bno055_get_vector_magnetometer	16	static
../Core/Src/bno055.c:356:6:bno055_get_vector_gyroscope	16	static
../Core/Src/bno055.c:359:6:bno055_get_vector_euler	16	static
../Core/Src/bno055.c:362:6:bno055_get_vector_linear_accel	16	static
../Core/Src/bno055.c:365:6:bno055_get_vector_gravity	16	static
../Core/Src/bno055.c:368:6:bno055_get_vector_quaternion	16	static
../Core/Src/bno055.c:372:6:bno055_get_vector_euler_from_vector_quaternion	136	static
../Core/Src/bno055.c:403:6:bno055_get_magnetic_heading	256	static
../Core/Src/bno055.c:446:6:bno055_get_references	88	static
../Core/Src/bno055.c:475:6:bno055_inverse_quaternion	32	static
../Core/Src/bno055.c:482:6:bno055_multiply_quaternion	32	static
../Core/Src/bno055.c:489:6:bno055_inverse_matrix	32	static
../Core/Src/bno055.c:503:6:bno055_quaternion_to_matrix	24	static
../Core/Src/bno055.c:515:6:bno055_matrix_vector_multiply	32	static
../Core/Src/bno055.c:522:6:bno055_normalize	32	static
../Core/Src/bno055.c:535:6:bno055_quaternion_to_euler	104	static
../Core/Src/bno055.c:564:6:bno055_flush	8	static
../Core/Src/bno055.c:575:13:bno055_fast_calibration_on_boot	72	static
