20:58:09 **** Incremental Build of configuration Debug for project MS4525DO ****
make -j8 all 
arm-none-eabi-size  MS4525DO.elf 
   text	   data	    bss	    dec	    hex	filename
  28096	    488	   2128	  30712	   77f8	MS4525DO.elf
Finished building: default.size.stdout
 
20:58:14 **** Incremental Build of configuration Release for project MS4525DO ****
make -j8 all 
arm-none-eabi-size  MS4525DO.elf 
   text	   data	    bss	    dec	    hex	filename
  14440	    120	   2128	  16688	   4130	MS4525DO.elf
Finished building: default.size.stdout
 
21:00:02 **** Incremental Build of configuration Release for project MS4525DO ****
make -j8 all 
arm-none-eabi-size  MS4525DO.elf 
   text	   data	    bss	    dec	    hex	filename
  14440	    120	   2128	  16688	   4130	MS4525DO.elf
Finished building: default.size.stdout
 
21:02:36 **** Incremental Build of configuration Release for project MS4525DO ****
make -j8 all 
arm-none-eabi-size  MS4525DO.elf 
   text	   data	    bss	    dec	    hex	filename
  14440	    120	   2128	  16688	   4130	MS4525DO.elf
Finished building: default.size.stdout
 
21:06:27 **** Incremental Build of configuration Release for project MS4525DO ****
make -j8 all 
arm-none-eabi-size  MS4525DO.elf 
   text	   data	    bss	    dec	    hex	filename
  14440	    120	   2128	  16688	   4130	MS4525DO.elf
Finished building: default.size.stdout
 
21:06:45 **** Incremental Build of configuration Release for project MS4525DO ****
make -j8 all 
arm-none-eabi-size  MS4525DO.elf 
   text	   data	    bss	    dec	    hex	filename
  14440	    120	   2128	  16688	   4130	MS4525DO.elf
Finished building: default.size.stdout
 
21:08:30 **** Incremental Build of configuration Release for project MS4525DO ****
make -j8 all 
arm-none-eabi-size  MS4525DO.elf 
   text	   data	    bss	    dec	    hex	filename
  14440	    120	   2128	  16688	   4130	MS4525DO.elf
Finished building: default.size.stdout
 
21:08:57 **** Incremental Build of configuration Release for project MS4525DO ****
make -j8 all 
arm-none-eabi-size  MS4525DO.elf 
   text	   data	    bss	    dec	    hex	filename
  14440	    120	   2128	  16688	   4130	MS4525DO.elf
Finished building: default.size.stdout
 
